Archive member included because of file (symbol)

c:/program files (x86)/gnu tools arm embedded/4.9 2015q1/bin/../lib/gcc/arm-none-eabi/4.9.3/../../../../arm-none-eabi/lib/armv7e-m/fpu\libm.a(lib_a-wf_pow.o)
                              ..\obj\datalogger.o (powf)
c:/program files (x86)/gnu tools arm embedded/4.9 2015q1/bin/../lib/gcc/arm-none-eabi/4.9.3/../../../../arm-none-eabi/lib/armv7e-m/fpu\libm.a(lib_a-ef_pow.o)
                              c:/program files (x86)/gnu tools arm embedded/4.9 2015q1/bin/../lib/gcc/arm-none-eabi/4.9.3/../../../../arm-none-eabi/lib/armv7e-m/fpu\libm.a(lib_a-wf_pow.o) (__ieee754_powf)
c:/program files (x86)/gnu tools arm embedded/4.9 2015q1/bin/../lib/gcc/arm-none-eabi/4.9.3/../../../../arm-none-eabi/lib/armv7e-m/fpu\libm.a(lib_a-ef_sqrt.o)
                              c:/program files (x86)/gnu tools arm embedded/4.9 2015q1/bin/../lib/gcc/arm-none-eabi/4.9.3/../../../../arm-none-eabi/lib/armv7e-m/fpu\libm.a(lib_a-ef_pow.o) (__ieee754_sqrtf)
c:/program files (x86)/gnu tools arm embedded/4.9 2015q1/bin/../lib/gcc/arm-none-eabi/4.9.3/../../../../arm-none-eabi/lib/armv7e-m/fpu\libm.a(lib_a-s_lib_ver.o)
                              c:/program files (x86)/gnu tools arm embedded/4.9 2015q1/bin/../lib/gcc/arm-none-eabi/4.9.3/../../../../arm-none-eabi/lib/armv7e-m/fpu\libm.a(lib_a-wf_pow.o) (__fdlib_version)
c:/program files (x86)/gnu tools arm embedded/4.9 2015q1/bin/../lib/gcc/arm-none-eabi/4.9.3/../../../../arm-none-eabi/lib/armv7e-m/fpu\libm.a(lib_a-s_matherr.o)
                              c:/program files (x86)/gnu tools arm embedded/4.9 2015q1/bin/../lib/gcc/arm-none-eabi/4.9.3/../../../../arm-none-eabi/lib/armv7e-m/fpu\libm.a(lib_a-wf_pow.o) (matherr)
c:/program files (x86)/gnu tools arm embedded/4.9 2015q1/bin/../lib/gcc/arm-none-eabi/4.9.3/../../../../arm-none-eabi/lib/armv7e-m/fpu\libm.a(lib_a-s_rint.o)
                              c:/program files (x86)/gnu tools arm embedded/4.9 2015q1/bin/../lib/gcc/arm-none-eabi/4.9.3/../../../../arm-none-eabi/lib/armv7e-m/fpu\libm.a(lib_a-wf_pow.o) (rint)
c:/program files (x86)/gnu tools arm embedded/4.9 2015q1/bin/../lib/gcc/arm-none-eabi/4.9.3/../../../../arm-none-eabi/lib/armv7e-m/fpu\libm.a(lib_a-sf_fabs.o)
                              c:/program files (x86)/gnu tools arm embedded/4.9 2015q1/bin/../lib/gcc/arm-none-eabi/4.9.3/../../../../arm-none-eabi/lib/armv7e-m/fpu\libm.a(lib_a-ef_pow.o) (fabsf)
c:/program files (x86)/gnu tools arm embedded/4.9 2015q1/bin/../lib/gcc/arm-none-eabi/4.9.3/../../../../arm-none-eabi/lib/armv7e-m/fpu\libm.a(lib_a-sf_finite.o)
                              c:/program files (x86)/gnu tools arm embedded/4.9 2015q1/bin/../lib/gcc/arm-none-eabi/4.9.3/../../../../arm-none-eabi/lib/armv7e-m/fpu\libm.a(lib_a-wf_pow.o) (finitef)
c:/program files (x86)/gnu tools arm embedded/4.9 2015q1/bin/../lib/gcc/arm-none-eabi/4.9.3/../../../../arm-none-eabi/lib/armv7e-m/fpu\libm.a(lib_a-sf_fpclassify.o)
                              c:/program files (x86)/gnu tools arm embedded/4.9 2015q1/bin/../lib/gcc/arm-none-eabi/4.9.3/../../../../arm-none-eabi/lib/armv7e-m/fpu\libm.a(lib_a-wf_pow.o) (__fpclassifyf)
c:/program files (x86)/gnu tools arm embedded/4.9 2015q1/bin/../lib/gcc/arm-none-eabi/4.9.3/../../../../arm-none-eabi/lib/armv7e-m/fpu\libm.a(lib_a-sf_nan.o)
                              c:/program files (x86)/gnu tools arm embedded/4.9 2015q1/bin/../lib/gcc/arm-none-eabi/4.9.3/../../../../arm-none-eabi/lib/armv7e-m/fpu\libm.a(lib_a-ef_pow.o) (nanf)
c:/program files (x86)/gnu tools arm embedded/4.9 2015q1/bin/../lib/gcc/arm-none-eabi/4.9.3/../../../../arm-none-eabi/lib/armv7e-m/fpu\libm.a(lib_a-sf_scalbn.o)
                              c:/program files (x86)/gnu tools arm embedded/4.9 2015q1/bin/../lib/gcc/arm-none-eabi/4.9.3/../../../../arm-none-eabi/lib/armv7e-m/fpu\libm.a(lib_a-ef_pow.o) (scalbnf)
c:/program files (x86)/gnu tools arm embedded/4.9 2015q1/bin/../lib/gcc/arm-none-eabi/4.9.3/../../../../arm-none-eabi/lib/armv7e-m/fpu\libm.a(lib_a-sf_copysign.o)
                              c:/program files (x86)/gnu tools arm embedded/4.9 2015q1/bin/../lib/gcc/arm-none-eabi/4.9.3/../../../../arm-none-eabi/lib/armv7e-m/fpu\libm.a(lib_a-sf_scalbn.o) (copysignf)
c:/program files (x86)/gnu tools arm embedded/4.9 2015q1/bin/../lib/gcc/arm-none-eabi/4.9.3/armv7e-m/fpu\libgcc.a(_arm_addsubdf3.o)
                              ..\obj\datalogger.o (__aeabi_dsub)
c:/program files (x86)/gnu tools arm embedded/4.9 2015q1/bin/../lib/gcc/arm-none-eabi/4.9.3/armv7e-m/fpu\libgcc.a(_arm_muldivdf3.o)
                              ..\obj\datalogger.o (__aeabi_dmul)
c:/program files (x86)/gnu tools arm embedded/4.9 2015q1/bin/../lib/gcc/arm-none-eabi/4.9.3/armv7e-m/fpu\libgcc.a(_arm_cmpdf2.o)
                              c:/program files (x86)/gnu tools arm embedded/4.9 2015q1/bin/../lib/gcc/arm-none-eabi/4.9.3/../../../../arm-none-eabi/lib/armv7e-m/fpu\libm.a(lib_a-wf_pow.o) (__aeabi_dcmpeq)
[...]
Memory Configuration

Name             Origin             Length             Attributes
rom              0x00000000         0x00040000         xr
ram              0x20000000         0x00008000         xrw
*default*        0x00000000         0xffffffff

Linker script and memory map

                0x20008000                _eram = 0x20008000

.text           0x00000000     0x727c
 *(.isr_vector)
 .isr_vector    0x00000000      0x26c ..\obj\startup_Cortex_M4.o
                0x00000000                g_pfnVectors
 *(.text*)
 .text.delayMS  0x0000026c       0x24 ..\obj\delay.o
                0x0000026c                delayMS
 .text.delayUS  0x00000290       0x24 ..\obj\delay.o
                0x00000290                delayUS
 .text.Initialize
                0x000002b4       0x1c ..\obj\datalogger.o
                0x000002b4                Initialize
 .text.InitClock
                0x000002d0       0x44 ..\obj\datalogger.o
                0x000002d0                InitClock
 .text.InitGPIO
                0x00000314       0x64 ..\obj\datalogger.o
                0x00000314                InitGPIO
 .text.InitGPIOInt
                0x00000378       0x20 ..\obj\datalogger.o
                0x00000378                InitGPIOInt
 .text.InitSDCard
                0x00000398       0x30 ..\obj\datalogger.o
                0x00000398                InitSDCard
 .text.InitSPI1
                0x000003c8       0xdc ..\obj\datalogger.o
                0x000003c8                InitSPI1
 .text.readHIH  0x000004a4       0x8c ..\obj\datalogger.o
                0x000004a4                readHIH
 .text.getHR    0x00000530       0x70 ..\obj\datalogger.o
                0x00000530                getHR
 .text.getTBS   0x000005a0       0x90 ..\obj\datalogger.o
                0x000005a0                getTBS
 .text.getTG    0x00000630      0x158 ..\obj\datalogger.o
                0x00000630                getTG
 .text.getEV    0x00000788      0x390 ..\obj\datalogger.o
                0x00000788                getEV
 .text.I2CMasterInitExpClk
                0x00000b18       0x98 ..\obj\i2c.o
                0x00000b18                I2CMasterInitExpClk
 .text.I2CMasterEnable
                0x00000bb0       0x24 ..\obj\i2c.o
                0x00000bb0                I2CMasterEnable
 .text.I2CMasterSlaveAddrSet
                0x00000bd4       0x28 ..\obj\i2c.o
                0x00000bd4                I2CMasterSlaveAddrSet
 .text.I2CMasterBusy
                0x00000bfc       0x28 ..\obj\i2c.o
                0x00000bfc                I2CMasterBusy
 .text.I2CMasterControl
                0x00000c24       0x20 ..\obj\i2c.o
                0x00000c24                I2CMasterControl
 .text.I2CMasterDataPut
                0x00000c44       0x20 ..\obj\i2c.o
                0x00000c44                I2CMasterDataPut
 .text.I2CMasterDataGet
                0x00000c64       0x1c ..\obj\i2c.o
                0x00000c64                I2CMasterDataGet
 .text.InitI2C3
                0x00000c80       0x54 ..\obj\main.o
                0x00000c80                InitI2C3
 .text.I2CReceive
                0x00000cd4       0x84 ..\obj\main.o
                0x00000cd4                I2CReceive
 .text.bcd2dec  0x00000d58       0x34 ..\obj\main.o
                0x00000d58                bcd2dec
 .text.GetClock
                0x00000d8c       0x2c ..\obj\main.o
                0x00000d8c                GetClock
 .text.Int2Char
                0x00000db8       0x1c ..\obj\main.o
                0x00000db8                Int2Char
 .text.itoa     0x00000dd4       0xac ..\obj\main.o
                0x00000dd4                itoa
 .text.FloatToString
                0x00000e80       0xd0 ..\obj\main.o
                0x00000e80                FloatToString
 .text.main     0x00000f50      0x45c ..\obj\main.o
                0x00000f50                main
 .text.GPIOPortC_IRQHandler
                0x000013ac      0x550 ..\obj\main.o
                0x000013ac                GPIOPortC_IRQHandler
 .text.SysCtlPeripheralEnable
                0x000018fc       0x4c ..\obj\sysctl.o
                0x000018fc                SysCtlPeripheralEnable
 .text.SysCtlDelay
                0x00001948        0x8 ..\obj\sysctl.o
                0x00001948                SysCtlDelay
 .text.SysCtlClockSet
                0x00001950      0x1f4 ..\obj\sysctl.o
                0x00001950                SysCtlClockSet
 .text.SysCtlClockGet
                0x00001b44      0x204 ..\obj\sysctl.o
                0x00001b44                SysCtlClockGet
 .text.GPIODirModeSet
                0x00001d48       0x78 ..\obj\gpio.o
                0x00001d48                GPIODirModeSet
 .text.GPIOIntTypeSet
                0x00001dc0       0xd8 ..\obj\gpio.o
                0x00001dc0                GPIOIntTypeSet
 .text.GPIOPadConfigSet
                0x00001e98      0x2bc ..\obj\gpio.o
                0x00001e98                GPIOPadConfigSet
 .text.GPIOIntEnable
                0x00002154       0x2c ..\obj\gpio.o
                0x00002154                GPIOIntEnable
 .text.GPIOIntClear
                0x00002180       0x20 ..\obj\gpio.o
                0x00002180                GPIOIntClear
 .text.GPIOPinWrite
                0x000021a0       0x2c ..\obj\gpio.o
                0x000021a0                GPIOPinWrite
 .text.GPIOPinTypeGPIOInput
                0x000021cc       0x2c ..\obj\gpio.o
                0x000021cc                GPIOPinTypeGPIOInput
 .text.GPIOPinTypeGPIOOutput
                0x000021f8       0x2c ..\obj\gpio.o
                0x000021f8                GPIOPinTypeGPIOOutput
 .text.GPIOPinTypeI2C
                0x00002224       0x2c ..\obj\gpio.o
                0x00002224                GPIOPinTypeI2C
 .text.GPIOPinTypeI2CSCL
                0x00002250       0x2c ..\obj\gpio.o
                0x00002250                GPIOPinTypeI2CSCL
 .text.GPIOPinTypeSSI
                0x0000227c       0x2c ..\obj\gpio.o
                0x0000227c                GPIOPinTypeSSI
 .text.GPIOPinConfigure
                0x000022a8       0x84 ..\obj\gpio.o
                0x000022a8                GPIOPinConfigure
 .text.IntMasterEnable
                0x0000232c       0x18 ..\obj\interrupt.o
                0x0000232c                IntMasterEnable
 .text.IntEnable
                0x00002344       0x94 ..\obj\interrupt.o
                0x00002344                IntEnable
 .text.SSIConfigSetExpClk
                0x000023d8       0x8c ..\obj\ssi.o
                0x000023d8                SSIConfigSetExpClk
 .text.SSIEnable
                0x00002464       0x24 ..\obj\ssi.o
                0x00002464                SSIEnable
 .text.SSIDisable
                0x00002488       0x24 ..\obj\ssi.o
                0x00002488                SSIDisable
 .text.SSIDataPut
                0x000024ac       0x30 ..\obj\ssi.o
                0x000024ac                SSIDataPut
 .text.SSIDataPutNonBlocking
                0x000024dc       0x34 ..\obj\ssi.o
                0x000024dc                SSIDataPutNonBlocking
 .text.SSIDataGet
                0x00002510       0x30 ..\obj\ssi.o
                0x00002510                SSIDataGet
 .text.SSIClockSourceSet
                0x00002540       0x20 ..\obj\ssi.o
                0x00002540                SSIClockSourceSet
 .text.mem_cpy  0x00002560       0x3c ..\obj\ff.o
 .text.mem_set  0x0000259c       0x34 ..\obj\ff.o
 .text.mem_cmp  0x000025d0       0x50 ..\obj\ff.o
 .text.chk_chr  0x00002620       0x38 ..\obj\ff.o
 .text.sync_window
                0x00002658       0x90 ..\obj\ff.o
 .text.move_window
                0x000026e8       0x54 ..\obj\ff.o
 .text.sync_fs  0x0000273c      0x148 ..\obj\ff.o
 .text.clust2sect
                0x00002884       0x40 ..\obj\ff.o
                0x00002884                clust2sect
 .text.get_fat  0x000028c4      0x158 ..\obj\ff.o
                0x000028c4                get_fat
 .text.put_fat  0x00002a1c      0x1f4 ..\obj\ff.o
                0x00002a1c                put_fat
 .text.remove_chain
                0x00002c10       0x9c ..\obj\ff.o
 .text.create_chain
                0x00002cac      0x118 ..\obj\ff.o
 .text.dir_sdi  0x00002dc4      0x104 ..\obj\ff.o
 .text.dir_next
                0x00002ec8      0x1a4 ..\obj\ff.o
 .text.dir_alloc
                0x0000306c       0x84 ..\obj\ff.o
 .text.ld_clust
                0x000030f0       0x5c ..\obj\ff.o
 .text.st_clust
                0x0000314c       0x4c ..\obj\ff.o
 .text.dir_find
                0x00003198       0x94 ..\obj\ff.o
 .text.dir_register
                0x0000322c       0x68 ..\obj\ff.o
 .text.create_name
                0x00003294      0x2ac ..\obj\ff.o
 .text.get_fileinfo
                0x00003540      0x118 ..\obj\ff.o
 .text.follow_path
                0x00003658      0x100 ..\obj\ff.o
 .text.check_fs
                0x00003758       0xc0 ..\obj\ff.o
 .text.chk_mounted
                0x00003818      0x564 ..\obj\ff.o
 .text.validate
                0x00003d7c       0x5c ..\obj\ff.o
 .text.f_mount  0x00003dd8       0x54 ..\obj\ff.o
                0x00003dd8                f_mount
 .text.f_open   0x00003e2c      0x280 ..\obj\ff.o
                0x00003e2c                f_open
 .text.f_write  0x000040ac      0x30c ..\obj\ff.o
                0x000040ac                f_write
 .text.f_sync   0x000043b8      0x158 ..\obj\ff.o
                0x000043b8                f_sync
 .text.f_close  0x00004510       0x28 ..\obj\ff.o
                0x00004510                f_close
 .text.f_chdir  0x00004538       0x98 ..\obj\ff.o
                0x00004538                f_chdir
 .text.f_lseek  0x000045d0      0x2a8 ..\obj\ff.o
                0x000045d0                f_lseek
 .text.f_stat   0x00004878       0x70 ..\obj\ff.o
                0x00004878                f_stat
 .text.f_mkdir  0x000048e8      0x260 ..\obj\ff.o
                0x000048e8                f_mkdir
 .text.SELECT   0x00004b48       0x14 ..\obj\mmc-dk-tm4c123g.o
 .text.DESELECT
                0x00004b5c       0x14 ..\obj\mmc-dk-tm4c123g.o
 .text.xmit_spi
                0x00004b70       0x2c ..\obj\mmc-dk-tm4c123g.o
 .text.rcvr_spi
                0x00004b9c       0x28 ..\obj\mmc-dk-tm4c123g.o
 .text.rcvr_spi_m
                0x00004bc4       0x1c ..\obj\mmc-dk-tm4c123g.o
 .text.wait_ready
                0x00004be0       0x38 ..\obj\mmc-dk-tm4c123g.o
 .text.send_initial_clock_train
                0x00004c18       0x58 ..\obj\mmc-dk-tm4c123g.o
 .text.power_on
                0x00004c70       0xc0 ..\obj\mmc-dk-tm4c123g.o
 .text.set_max_speed
                0x00004d30       0x50 ..\obj\mmc-dk-tm4c123g.o
 .text.power_off
                0x00004d80       0x18 ..\obj\mmc-dk-tm4c123g.o
 .text.chk_power
                0x00004d98       0x18 ..\obj\mmc-dk-tm4c123g.o
 .text.rcvr_datablock
                0x00004db0       0x6c ..\obj\mmc-dk-tm4c123g.o
 .text.xmit_datablock
                0x00004e1c       0x80 ..\obj\mmc-dk-tm4c123g.o
 .text.send_cmd
                0x00004e9c       0xa4 ..\obj\mmc-dk-tm4c123g.o
 .text.send_cmd12
                0x00004f40       0x58 ..\obj\mmc-dk-tm4c123g.o
 .text.disk_initialize
                0x00004f98      0x1d8 ..\obj\mmc-dk-tm4c123g.o
                0x00004f98                disk_initialize
 .text.disk_status
                0x00005170       0x2c ..\obj\mmc-dk-tm4c123g.o
                0x00005170                disk_status
 .text.disk_read
                0x0000519c       0xd4 ..\obj\mmc-dk-tm4c123g.o
                0x0000519c                disk_read
 .text.disk_write
                0x00005270      0x10c ..\obj\mmc-dk-tm4c123g.o
                0x00005270                disk_write
 .text.disk_ioctl
                0x0000537c      0x254 ..\obj\mmc-dk-tm4c123g.o
                0x0000537c                disk_ioctl
 .text.get_fattime
                0x000055d0       0x14 ..\obj\mmc-dk-tm4c123g.o
                0x000055d0                get_fattime
 .text.Default_Reset_Handler
                0x000055e4       0x68 ..\obj\startup_Cortex_M4.o
                0x000055e4                Default_Reset_Handler
                0x000055e4                Reset_Handler
 .text.Default_Handler
                0x0000564c        0x8 ..\obj\startup_Cortex_M4.o
                0x0000564c                PECI0_IRQHandler
                0x0000564c                GPIOPortP4_IRQHandler
                0x0000564c                PWM1Gen3_IRQHandler
                0x0000564c                DebugMon_Handler
                0x0000564c                QEI2_IRQHandler
                0x0000564c                FlashCtrl_IRQHandler
                0x0000564c                GPIOPortP7_IRQHandler
                0x0000564c                Timer0B_IRQHandler
                0x0000564c                I2C0_IRQHandler
                0x0000564c                HardFault_Handler
                0x0000564c                SysTick_Handler
                0x0000564c                PendSV_Handler
                0x0000564c                NMI_Handler
                0x0000564c                I2C1_IRQHandler
                0x0000564c                GPIOPortP5_IRQHandler
                0x0000564c                PWMGen0_IRQHandler
                0x0000564c                UART1_IRQHandler
                0x0000564c                CAN1_IRQHandler
                0x0000564c                Timer1B_IRQHandler
                0x0000564c                WTimer5A_IRQHandler
                0x0000564c                Watchdog_IRQHandler
                0x0000564c                GPIOPortS_IRQHandler
                0x0000564c                GPIOPortQ7_IRQHandler
                0x0000564c                PWM1Gen2_IRQHandler
                0x0000564c                UART0_IRQHandler
                0x0000564c                GPIOPortL_IRQHandler
                0x0000564c                SSI0_IRQHandler
                0x0000564c                GPIOPortM_IRQHandler
                0x0000564c                FPU_IRQHandler
                0x0000564c                UsageFault_Handler
                0x0000564c                ADCSeq1_IRQHandler
                0x0000564c                GPIOPortP0_IRQHandler
                0x0000564c                LPC0_IRQHandler
                0x0000564c                PWMFault_IRQHandler
                0x0000564c                I2C5_IRQHandler
                0x0000564c                I2C4_IRQHandler
                0x0000564c                GPIOPortQ5_IRQHandler
                0x0000564c                PWMGen1_IRQHandler
                0x0000564c                SSI1_IRQHandler
                0x0000564c                I2C2_IRQHandler
                0x0000564c                uDMA_IRQHandler
                0x0000564c                UART5_IRQHandler
                0x0000564c                WTimer5B_IRQHandler
                0x0000564c                GPIOPortK_IRQHandler
                0x0000564c                ADCSeq2_IRQHandler
                0x0000564c                PWMGen2_IRQHandler
                0x0000564c                UART2_IRQHandler
                0x0000564c                GPIOPortP3_IRQHandler
                0x0000564c                ADC1Seq0_IRQHandler
                0x0000564c                UART4_IRQHandler
                0x0000564c                GPIOPortJ_IRQHandler
                0x0000564c                WTimer2B_IRQHandler
                0x0000564c                Timer5A_IRQHandler
                0x0000564c                WTimer0A_IRQHandler
                0x0000564c                Timer4A_IRQHandler
                0x0000564c                WTimer1A_IRQHandler
                0x0000564c                uDMAErr_IRQHandler
                0x0000564c                QEI1_IRQHandler
                0x0000564c                PWM1Fault_IRQHandler
                0x0000564c                GPIOPortP6_IRQHandler
                0x0000564c                WTimer3A_IRQHandler
                0x0000564c                QEI0_IRQHandler
                0x0000564c                WTimer1B_IRQHandler
                0x0000564c                ADC1Seq2_IRQHandler
                0x0000564c                ADC1Seq1_IRQHandler
                0x0000564c                PWMGen3_IRQHandler
                0x0000564c                GPIOPortD_IRQHandler
                0x0000564c                USB0_IRQHandler
                0x0000564c                I2C3_IRQHandler
                0x0000564c                WTimer0B_IRQHandler
                0x0000564c                MemManage_Handler
                0x0000564c                SVC_Handler
                0x0000564c                GPIOPortP2_IRQHandler
                0x0000564c                GPIOPortQ4_IRQHandler
                0x0000564c                Timer3B_IRQHandler
                0x0000564c                Timer3A_IRQHandler
                0x0000564c                GPIOPortA_IRQHandler
                0x0000564c                ADC1Seq3_IRQHandler
                0x0000564c                Timer0A_IRQHandler
                0x0000564c                GPIOPortP1_IRQHandler
                0x0000564c                ADCSeq0_IRQHandler
                0x0000564c                Timer1A_IRQHandler
                0x0000564c                GPIOPortG_IRQHandler
                0x0000564c                WTimer3B_IRQHandler
                0x0000564c                Fan0_IRQHandler
                0x0000564c                GPIOPortQ3_IRQHandler
                0x0000564c                GPIOPortQ1_IRQHandler
                0x0000564c                Timer5B_IRQHandler
                0x0000564c                ADCSeq3_IRQHandler
                0x0000564c                GPIOPortE_IRQHandler
                0x0000564c                WTimer4B_IRQHandler
                0x0000564c                CAN0_IRQHandler
                0x0000564c                GPIOPortQ0_IRQHandler
                0x0000564c                Comp0_IRQHandler
                0x0000564c                Comp1_IRQHandler
                0x0000564c                Comp2_IRQHandler
                0x0000564c                GPIOPortQ6_IRQHandler
                0x0000564c                SSI2_IRQHandler
                0x0000564c                PWM1Gen0_IRQHandler
                0x0000564c                GPIOPortF_IRQHandler
                0x0000564c                UART7_IRQHandler
                0x0000564c                UART6_IRQHandler
                0x0000564c                GPIOPortB_IRQHandler
                0x0000564c                CAN2_IRQHandler
                0x0000564c                GPIOPortH_IRQHandler
                0x0000564c                GPIOPortQ2_IRQHandler
                0x0000564c                GPIOPortR_IRQHandler
                0x0000564c                Timer4B_IRQHandler
                0x0000564c                BusFault_Handler
                0x0000564c                WTimer4A_IRQHandler
                0x0000564c                Timer2A_IRQHandler
                0x0000564c                SSI3_IRQHandler
                0x0000564c                Timer2B_IRQHandler
                0x0000564c                GPIOPortN_IRQHandler
                0x0000564c                UART3_IRQHandler
                0x0000564c                SysCtrl_IRQHandler
                0x0000564c                WTimer2A_IRQHandler
                0x0000564c                Hibernate_IRQHandler
                0x0000564c                PWM1Gen1_IRQHandler
 .text.CPUcpsie
                0x00005654       0x10 ..\obj\cpu.o
                0x00005654                CPUcpsie
 .text.powf     0x00005664      0x344 c:/program files (x86)/gnu tools arm embedded/4.9 2015q1/bin/../lib/gcc/arm-none-eabi/4.9.3/../../../../arm-none-eabi/lib/armv7e-m/fpu\libm.a(lib_a-wf_pow.o)
                0x00005664                powf
 .text.__ieee754_powf
                0x000059a8      0x5f0 c:/program files (x86)/gnu tools arm embedded/4.9 2015q1/bin/../lib/gcc/arm-none-eabi/4.9.3/../../../../arm-none-eabi/lib/armv7e-m/fpu\libm.a(lib_a-ef_pow.o)
                0x000059a8                __ieee754_powf
 .text.__ieee754_sqrtf
                0x00005f98       0xa4 c:/program files (x86)/gnu tools arm embedded/4.9 2015q1/bin/../lib/gcc/arm-none-eabi/4.9.3/../../../../arm-none-eabi/lib/armv7e-m/fpu\libm.a(lib_a-ef_sqrt.o)
                0x00005f98                __ieee754_sqrtf
 .text.matherr  0x0000603c        0x4 c:/program files (x86)/gnu tools arm embedded/4.9 2015q1/bin/../lib/gcc/arm-none-eabi/4.9.3/../../../../arm-none-eabi/lib/armv7e-m/fpu\libm.a(lib_a-s_matherr.o)
                0x0000603c                matherr
 .text.rint     0x00006040      0x124 c:/program files (x86)/gnu tools arm embedded/4.9 2015q1/bin/../lib/gcc/arm-none-eabi/4.9.3/../../../../arm-none-eabi/lib/armv7e-m/fpu\libm.a(lib_a-s_rint.o)
                0x00006040                rint
 .text.fabsf    0x00006164       0x10 c:/program files (x86)/gnu tools arm embedded/4.9 2015q1/bin/../lib/gcc/arm-none-eabi/4.9.3/../../../../arm-none-eabi/lib/armv7e-m/fpu\libm.a(lib_a-sf_fabs.o)
                0x00006164                fabsf
 .text.finitef  0x00006174       0x14 c:/program files (x86)/gnu tools arm embedded/4.9 2015q1/bin/../lib/gcc/arm-none-eabi/4.9.3/../../../../arm-none-eabi/lib/armv7e-m/fpu\libm.a(lib_a-sf_finite.o)
                0x00006174                finitef
 .text.__fpclassifyf
                0x00006188       0x38 c:/program files (x86)/gnu tools arm embedded/4.9 2015q1/bin/../lib/gcc/arm-none-eabi/4.9.3/../../../../arm-none-eabi/lib/armv7e-m/fpu\libm.a(lib_a-sf_fpclassify.o)
                0x00006188                __fpclassifyf
 .text.nanf     0x000061c0        0xc c:/program files (x86)/gnu tools arm embedded/4.9 2015q1/bin/../lib/gcc/arm-none-eabi/4.9.3/../../../../arm-none-eabi/lib/armv7e-m/fpu\libm.a(lib_a-sf_nan.o)
                0x000061c0                nanf
 .text.scalbnf  0x000061cc       0xd0 c:/program files (x86)/gnu tools arm embedded/4.9 2015q1/bin/../lib/gcc/arm-none-eabi/4.9.3/../../../../arm-none-eabi/lib/armv7e-m/fpu\libm.a(lib_a-sf_scalbn.o)
                0x000061cc                scalbnf
 .text.copysignf
                0x0000629c       0x18 c:/program files (x86)/gnu tools arm embedded/4.9 2015q1/bin/../lib/gcc/arm-none-eabi/4.9.3/../../../../arm-none-eabi/lib/armv7e-m/fpu\libm.a(lib_a-sf_copysign.o)
                0x0000629c                copysignf
 .text          0x000062b4      0x370 c:/program files (x86)/gnu tools arm embedded/4.9 2015q1/bin/../lib/gcc/arm-none-eabi/4.9.3/armv7e-m/fpu\libgcc.a(_arm_addsubdf3.o)
                0x000062b4                __aeabi_drsub
                0x000062bc                __aeabi_dsub
                0x000062bc                __subdf3
                0x000062c0                __aeabi_dadd
                0x000062c0                __adddf3
                0x00006538                __floatunsidf
                0x00006538                __aeabi_ui2d
                0x00006558                __floatsidf
                0x00006558                __aeabi_i2d
                0x0000657c                __aeabi_f2d
                0x0000657c                __extendsfdf2
                0x000065b8                __floatundidf
                0x000065b8                __aeabi_ul2d
                0x000065c8                __floatdidf
                0x000065c8                __aeabi_l2d
 .text          0x00006624      0x424 c:/program files (x86)/gnu tools arm embedded/4.9 2015q1/bin/../lib/gcc/arm-none-eabi/4.9.3/armv7e-m/fpu\libgcc.a(_arm_muldivdf3.o)
                0x00006624                __aeabi_dmul
                0x00006624                __muldf3
                0x00006878                __divdf3
                0x00006878                __aeabi_ddiv
 .text          0x00006a48      0x110 c:/program files (x86)/gnu tools arm embedded/4.9 2015q1/bin/../lib/gcc/arm-none-eabi/4.9.3/armv7e-m/fpu\libgcc.a(_arm_cmpdf2.o)
                0x00006a48                __gtdf2
                0x00006a48                __gedf2
                0x00006a50                __ltdf2
                0x00006a50                __ledf2
                0x00006a58                __nedf2
                0x00006a58                __eqdf2
                0x00006a58                __cmpdf2
                0x00006ad4                __aeabi_cdrcmple
                0x00006ae4                __aeabi_cdcmpeq
                0x00006ae4                __aeabi_cdcmple
                0x00006af4                __aeabi_dcmpeq
                0x00006b08                __aeabi_dcmplt
                0x00006b1c                __aeabi_dcmple
                0x00006b30                __aeabi_dcmpge
                0x00006b44                __aeabi_dcmpgt
 .text          0x00006b58       0xa0 c:/program files (x86)/gnu tools arm embedded/4.9 2015q1/bin/../lib/gcc/arm-none-eabi/4.9.3/armv7e-m/fpu\libgcc.a(_arm_truncdfsf2.o)
                0x00006b58                __truncdfsf2
                0x00006b58                __aeabi_d2f
 .text.__errno  0x00006bf8        0xc c:/program files (x86)/gnu tools arm embedded/4.9 2015q1/bin/../lib/gcc/arm-none-eabi/4.9.3/../../../../arm-none-eabi/lib/armv7e-m/fpu\libg.a(lib_a-errno.o)
                0x00006bf8                __errno
 .text.strlen   0x00006c04       0x5c c:/program files (x86)/gnu tools arm embedded/4.9 2015q1/bin/../lib/gcc/arm-none-eabi/4.9.3/../../../../arm-none-eabi/lib/armv7e-m/fpu\libg.a(lib_a-strlen.o)
                0x00006c04                strlen
 *(.init)
 *(.fini)
 *crtbegin.o(.ctors)
 *crtbegin?.o(.ctors)
 *(EXCLUDE_FILE(*crtend.o *crtend?.o) .ctors)
 *(SORT(.ctors.*))
 *(.ctors)
 *crtbegin.o(.dtors)
 *crtbegin?.o(.dtors)
 *(EXCLUDE_FILE(*crtend.o *crtend?.o) .dtors)
 *(SORT(.dtors.*))
 *(.dtors)
 *(.rodata*)
 .rodata        0x00006c60       0xf0 ..\obj\main.o
                0x00006c60                str_date
                0x00006c68                str_hour
                0x00006c70                str_tg
                0x00006c8c                str_hr
                0x00006ca4                str_tbs
                0x00006cc4                str_ev
                0x00006cd8                str_va
                0x00006cf0                newline
                0x00006cf4                comma
                0x00006cf8                null
 .rodata        0x00006d50      0x1c4 ..\obj\sysctl.o
 .rodata        0x00006f14      0x218 ..\obj\gpio.o
 .rodata        0x0000712c      0x10c ..\obj\interrupt.o
 .rodata        0x00007238       0x10 ..\obj\ff.o
 .rodata.str1.4
                0x00007248        0x5 c:/program files (x86)/gnu tools arm embedded/4.9 2015q1/bin/../lib/gcc/arm-none-eabi/4.9.3/../../../../arm-none-eabi/lib/armv7e-m/fpu\libm.a(lib_a-wf_pow.o)
                                  0x8 (size before relaxing)
 *fill*         0x0000724d        0x3 
 .rodata.dp_h   0x00007250        0x8 c:/program files (x86)/gnu tools arm embedded/4.9 2015q1/bin/../lib/gcc/arm-none-eabi/4.9.3/../../../../arm-none-eabi/lib/armv7e-m/fpu\libm.a(lib_a-ef_pow.o)
 .rodata.dp_l   0x00007258        0x8 c:/program files (x86)/gnu tools arm embedded/4.9 2015q1/bin/../lib/gcc/arm-none-eabi/4.9.3/../../../../arm-none-eabi/lib/armv7e-m/fpu\libm.a(lib_a-ef_pow.o)
 .rodata.bp     0x00007260        0x8 c:/program files (x86)/gnu tools arm embedded/4.9 2015q1/bin/../lib/gcc/arm-none-eabi/4.9.3/../../../../arm-none-eabi/lib/armv7e-m/fpu\libm.a(lib_a-ef_pow.o)
 .rodata.str1.4
                0x00000000        0x5 c:/program files (x86)/gnu tools arm embedded/4.9 2015q1/bin/../lib/gcc/arm-none-eabi/4.9.3/../../../../arm-none-eabi/lib/armv7e-m/fpu\libm.a(lib_a-ef_pow.o)
                                  0x4 (size before relaxing)
 .rodata.TWO52  0x00007268       0x10 c:/program files (x86)/gnu tools arm embedded/4.9 2015q1/bin/../lib/gcc/arm-none-eabi/4.9.3/../../../../arm-none-eabi/lib/armv7e-m/fpu\libm.a(lib_a-s_rint.o)
 .rodata.str1.4
                0x00007278        0x4 c:/program files (x86)/gnu tools arm embedded/4.9 2015q1/bin/../lib/gcc/arm-none-eabi/4.9.3/../../../../arm-none-eabi/lib/armv7e-m/fpu\libg.a(lib_a-impure.o)
 *(.eh_fram e*)

.glue_7         0x0000727c        0x0
 .glue_7        0x00000000        0x0 linker stubs

.glue_7t        0x0000727c        0x0
 .glue_7t       0x00000000        0x0 linker stubs

.vfp11_veneer   0x0000727c        0x0
 .vfp11_veneer  0x00000000        0x0 linker stubs

.v4_bx          0x0000727c        0x0
 .v4_bx         0x00000000        0x0 linker stubs

.iplt           0x0000727c        0x0
 .iplt          0x00000000        0x0 ..\obj\hibernate.o

.rel.dyn        0x0000727c        0x0
 .rel.iplt      0x00000000        0x0 ..\obj\hibernate.o

.ARM.extab
 *(.ARM.extab* .gnu.linkonce.armextab.*)
                0x0000727c                __exidx_start = .

.ARM.exidx
 *(.ARM.exidx* .gnu.linkonce.armexidx.*)
                0x0000727c                __exidx_end = .
                0x0000727c                __etext = .
                0x0000727c                _sidata = __etext

.data           0x20000000      0x434 load address 0x0000727c
                0x20000000                __data_start__ = .
                0x20000000                _sdata = __data_start__
 *(vtable)
 *(.data*)
 .data          0x20000000        0x1 ..\obj\mmc-dk-tm4c123g.o
 .data.__fdlib_version
                0x20000001        0x1 c:/program files (x86)/gnu tools arm embedded/4.9 2015q1/bin/../lib/gcc/arm-none-eabi/4.9.3/../../../../arm-none-eabi/lib/armv7e-m/fpu\libm.a(lib_a-s_lib_ver.o)
                0x20000001                __fdlib_version
 *fill*         0x20000002        0x6 
 .data.impure_data
                0x20000008      0x428 c:/program files (x86)/gnu tools arm embedded/4.9 2015q1/bin/../lib/gcc/arm-none-eabi/4.9.3/../../../../arm-none-eabi/lib/armv7e-m/fpu\libg.a(lib_a-impure.o)
 .data._impure_ptr
                0x20000430        0x4 c:/program files (x86)/gnu tools arm embedded/4.9 2015q1/bin/../lib/gcc/arm-none-eabi/4.9.3/../../../../arm-none-eabi/lib/armv7e-m/fpu\libg.a(lib_a-impure.o)
                0x20000430                _impure_ptr
                0x20000434                . = ALIGN (0x4)
                0x20000434                PROVIDE (__preinit_array_start, .)
 *(.preinit_array)
                0x20000434                PROVIDE (__preinit_array_end, .)
                0x20000434                . = ALIGN (0x4)
                0x20000434                PROVIDE (__init_array_start, .)
 *(SORT(.init_array.*))
 *(.init_array)
                0x20000434                PROVIDE (__init_array_end, .)
                0x20000434                . = ALIGN (0x4)
                0x20000434                PROVIDE (__fini_array_start, .)
 *(SORT(.fini_array.*))
 *(.fini_array)
                0x20000434                PROVIDE (__fini_array_end, .)
 *(.jcr*)
                0x20000434                . = ALIGN (0x4)
                0x20000434                __data_end__ = .
                0x20000434                _edata = __data_end__

.igot.plt       0x20000434        0x0 load address 0x000076b0
 .igot.plt      0x00000000        0x0 ..\obj\hibernate.o

.bss            0x20000438      0x548 load address 0x000076b8
                0x20000438                . = ALIGN (0x4)
                0x20000438                __bss_start__ = .
                0x20000438                _sbss = __bss_start__
 *(.bss*)
 .bss           0x20000438       0x18 ..\obj\datalogger.o
 .bss           0x20000450       0x70 ..\obj\main.o
                0x20000454                i
 .bss           0x200004c0        0x8 ..\obj\ff.o
 .bss           0x200004c8        0x4 ..\obj\mmc-dk-tm4c123g.o
 *(COMMON)
 COMMON         0x200004cc        0x8 ..\obj\delay.o
                0x200004cc                _USDELAY_BASE
                0x200004d0                _MSDELAY_BASE
 *fill*         0x200004d4        0x4 
 COMMON         0x200004d8      0x4a8 ..\obj\main.o
                0x200004d8                SD_Read
                0x200004dc                fno
                0x200004f4                FatFs
                0x2000072c                HIHRaw
                0x20000730                month
                0x20000734                br
                0x20000738                Ev
                0x20000740                SWRead
                0x20000744                filesize
                0x20000748                hour
                0x20000749                fr
                0x2000074c                dir
                0x20000750                min
                0x20000751                year
                0x20000752                sec
                0x20000753                day
                0x20000754                ulStatus
                0x20000758                date
                0x2000075c                fil
                0x20000980                . = ALIGN (0x4)
                0x20000980                __bss_end__ = .
                0x20000980                _ebss = __bss_end__

.heap           0x20000980        0x0
                0x20000980                __end__ = .
                0x20000980                _end = __end__
                0x20000980                end = __end__
 *(.heap*)
                0x20000980                __HeapLimit = .

.co_stack       0x20000980      0x800 load address 0x00007c00
                0x20000980                . = ALIGN (0x8)
 *(.co_stack .co_stack.*)
 .co_stack      0x20000980      0x800 ..\obj\startup_Cortex_M4.o
                0x20000980                pulStack
                0x20008000                __StackTop = (ORIGIN (ram) + 0x8000)
                0x20007800                __StackLimit = (__StackTop - SIZEOF (.co_stack))
                0x20008000                PROVIDE (__stack, __StackTop)
                0x00000001                ASSERT ((__StackLimit >= __HeapLimit), region ram  overflowed with stack)
LOAD ..\obj\hibernate.o
LOAD ..\obj\delay.o
LOAD ..\obj\datalogger.o
LOAD ..\obj\i2c.o
LOAD ..\obj\flash.o
LOAD ..\obj\timer.o
LOAD ..\obj\emac.o
LOAD ..\obj\pwm.o
LOAD ..\obj\uart.o
LOAD ..\obj\fpu.o
LOAD ..\obj\sw_crc.o
LOAD ..\obj\epi.o
LOAD ..\obj\main.o
LOAD ..\obj\sysctl.o
LOAD ..\obj\usb.o
LOAD ..\obj\shamd5.o
LOAD ..\obj\can.o
LOAD ..\obj\watchdog.o
LOAD ..\obj\comp.o
LOAD ..\obj\gpio.o
LOAD ..\obj\aes.o
LOAD ..\obj\crc.o
LOAD ..\obj\onewire.o
LOAD ..\obj\interrupt.o
LOAD ..\obj\mpu.o
LOAD ..\obj\syscalls.o
LOAD ..\obj\ssi.o
LOAD ..\obj\adc.o
LOAD ..\obj\ff.o
LOAD ..\obj\lcd.o
LOAD ..\obj\qei.o
LOAD ..\obj\mmc-dk-tm4c123g.o
LOAD ..\obj\sysexc.o
LOAD ..\obj\startup_Cortex_M4.o
LOAD ..\obj\cpu.o
LOAD ..\obj\systick.o
LOAD ..\obj\udma.o
LOAD ..\obj\des.o
LOAD ..\obj\eeprom.o
LOAD c:/program files (x86)/gnu tools arm embedded/4.9 2015q1/bin/../lib/gcc/arm-none-eabi/4.9.3/../../../../arm-none-eabi/lib/armv7e-m/fpu\libm.a
START GROUP
LOAD c:/program files (x86)/gnu tools arm embedded/4.9 2015q1/bin/../lib/gcc/arm-none-eabi/4.9.3/armv7e-m/fpu\libgcc.a
LOAD c:/program files (x86)/gnu tools arm embedded/4.9 2015q1/bin/../lib/gcc/arm-none-eabi/4.9.3/../../../../arm-none-eabi/lib/armv7e-m/fpu\libg.a
LOAD c:/program files (x86)/gnu tools arm embedded/4.9 2015q1/bin/../lib/gcc/arm-none-eabi/4.9.3/../../../../arm-none-eabi/lib/armv7e-m/fpu\libc.a
END GROUP
OUTPUT(Test027 - SDCard v7.elf elf32-littlearm)

.debug_info     0x00000000     0x5ff4
 .debug_info    0x00000000       0xd4 ..\obj\delay.o
 .debug_info    0x000000d4      0x36d ..\obj\datalogger.o
 .debug_info    0x00000441      0xc0a ..\obj\i2c.o
 .debug_info    0x0000104b      0xcb6 ..\obj\main.o
 .debug_info    0x00001d01      0xac6 ..\obj\sysctl.o
 .debug_info    0x000027c7      0xc60 ..\obj\gpio.o
 .debug_info    0x00003427      0x448 ..\obj\interrupt.o
 .debug_info    0x0000386f      0x696 ..\obj\ssi.o
 .debug_info    0x00003f05     0x1834 ..\obj\ff.o
 .debug_info    0x00005739      0x62a ..\obj\mmc-dk-tm4c123g.o
 .debug_info    0x00005d63      0x142 ..\obj\startup_Cortex_M4.o
 .debug_info    0x00005ea5      0x14f ..\obj\cpu.o

.debug_abbrev   0x00000000      0xf26
 .debug_abbrev  0x00000000       0x64 ..\obj\delay.o
 .debug_abbrev  0x00000064      0x15e ..\obj\datalogger.o
 .debug_abbrev  0x000001c2      0x11e ..\obj\i2c.o
 .debug_abbrev  0x000002e0      0x256 ..\obj\main.o
 .debug_abbrev  0x00000536      0x1a7 ..\obj\sysctl.o
 .debug_abbrev  0x000006dd      0x104 ..\obj\gpio.o
 .debug_abbrev  0x000007e1      0x125 ..\obj\interrupt.o
 .debug_abbrev  0x00000906      0x11e ..\obj\ssi.o
 .debug_abbrev  0x00000a24      0x190 ..\obj\ff.o
 .debug_abbrev  0x00000bb4      0x1e0 ..\obj\mmc-dk-tm4c123g.o
 .debug_abbrev  0x00000d94       0xc8 ..\obj\startup_Cortex_M4.o
 .debug_abbrev  0x00000e5c       0xca ..\obj\cpu.o

.debug_aranges  0x00000000      0xae8
 .debug_aranges
                0x00000000       0x28 ..\obj\delay.o
 .debug_aranges
                0x00000028       0x98 ..\obj\datalogger.o
 .debug_aranges
                0x000000c0      0x1d0 ..\obj\i2c.o
 .debug_aranges
                0x00000290       0xa8 ..\obj\main.o
 .debug_aranges
                0x00000338      0x1e0 ..\obj\sysctl.o
 .debug_aranges
                0x00000518      0x190 ..\obj\gpio.o
 .debug_aranges
                0x000006a8       0xa0 ..\obj\interrupt.o
 .debug_aranges
                0x00000748       0xd8 ..\obj\ssi.o
 .debug_aranges
                0x00000820      0x190 ..\obj\ff.o
 .debug_aranges
                0x000009b0       0xc8 ..\obj\mmc-dk-tm4c123g.o
 .debug_aranges
                0x00000a78       0x28 ..\obj\startup_Cortex_M4.o
 .debug_aranges
                0x00000aa0       0x48 ..\obj\cpu.o

.debug_ranges   0x00000000      0xa28
 .debug_ranges  0x00000000       0x18 ..\obj\delay.o
 .debug_ranges  0x00000018       0x88 ..\obj\datalogger.o
 .debug_ranges  0x000000a0      0x1c0 ..\obj\i2c.o
 .debug_ranges  0x00000260       0x98 ..\obj\main.o
 .debug_ranges  0x000002f8      0x1d0 ..\obj\sysctl.o
 .debug_ranges  0x000004c8      0x180 ..\obj\gpio.o
 .debug_ranges  0x00000648       0x90 ..\obj\interrupt.o
 .debug_ranges  0x000006d8       0xc8 ..\obj\ssi.o
 .debug_ranges  0x000007a0      0x180 ..\obj\ff.o
 .debug_ranges  0x00000920       0xb8 ..\obj\mmc-dk-tm4c123g.o
 .debug_ranges  0x000009d8       0x18 ..\obj\startup_Cortex_M4.o
 .debug_ranges  0x000009f0       0x38 ..\obj\cpu.o

.debug_line     0x00000000     0x3938
 .debug_line    0x00000000       0x83 ..\obj\delay.o
 .debug_line    0x00000083      0x322 ..\obj\datalogger.o
 .debug_line    0x000003a5      0x5d1 ..\obj\i2c.o
 .debug_line    0x00000976      0x493 ..\obj\main.o
 .debug_line    0x00000e09      0x71d ..\obj\sysctl.o
 .debug_line    0x00001526      0x7fb ..\obj\gpio.o
 .debug_line    0x00001d21      0x2d8 ..\obj\interrupt.o
 .debug_line    0x00001ff9      0x37d ..\obj\ssi.o
 .debug_line    0x00002376      0xd3f ..\obj\ff.o
 .debug_line    0x000030b5      0x575 ..\obj\mmc-dk-tm4c123g.o
 .debug_line    0x0000362a      0x16f ..\obj\startup_Cortex_M4.o
 .debug_line    0x00003799      0x19f ..\obj\cpu.o

.debug_str      0x00000000     0x22dd
 .debug_str     0x00000000      0x1a8 ..\obj\delay.o
                                0x1dc (size before relaxing)
 .debug_str     0x000001a8      0x183 ..\obj\datalogger.o
                                0x333 (size before relaxing)
 .debug_str     0x0000032b      0x562 ..\obj\i2c.o
                                0x6db (size before relaxing)
 .debug_str     0x0000088d      0x423 ..\obj\main.o
                                0x65b (size before relaxing)
 .debug_str     0x00000cb0      0x6de ..\obj\sysctl.o
                                0x85c (size before relaxing)
 .debug_str     0x0000138e      0x4f1 ..\obj\gpio.o
                                0x69a (size before relaxing)
 .debug_str     0x0000187f      0x1d5 ..\obj\interrupt.o
                                0x38b (size before relaxing)
 .debug_str     0x00001a54      0x2c0 ..\obj\ssi.o
                                0x476 (size before relaxing)
 .debug_str     0x00001d14      0x2cb ..\obj\ff.o
                                0x63d (size before relaxing)
 .debug_str     0x00001fdf      0x1bc ..\obj\mmc-dk-tm4c123g.o
                                0x368 (size before relaxing)
 .debug_str     0x0000219b       0xb5 ..\obj\startup_Cortex_M4.o
                                0x1f5 (size before relaxing)
 .debug_str     0x00002250       0x8d ..\obj\cpu.o
                                0x1cc (size before relaxing)

.comment        0x00000000       0x70
 .comment       0x00000000       0x70 ..\obj\delay.o
                                 0x71 (size before relaxing)
 .comment       0x00000000       0x71 ..\obj\datalogger.o
 .comment       0x00000000       0x71 ..\obj\i2c.o
 .comment       0x00000000       0x71 ..\obj\main.o
 .comment       0x00000000       0x71 ..\obj\sysctl.o
 .comment       0x00000000       0x71 ..\obj\gpio.o
 .comment       0x00000000       0x71 ..\obj\interrupt.o
 .comment       0x00000000       0x71 ..\obj\ssi.o
 .comment       0x00000000       0x71 ..\obj\ff.o
 .comment       0x00000000       0x71 ..\obj\mmc-dk-tm4c123g.o
 .comment       0x00000000       0x71 ..\obj\startup_Cortex_M4.o
 .comment       0x00000000       0x71 ..\obj\cpu.o

.ARM.attributes
                0x00000000       0x39
 .ARM.attributes
                0x00000000       0x39 ..\obj\delay.o
 .ARM.attributes
                0x00000039       0x39 ..\obj\datalogger.o
 .ARM.attributes
                0x00000072       0x39 ..\obj\i2c.o
 .ARM.attributes
                0x000000ab       0x39 ..\obj\main.o
 .ARM.attributes
                0x000000e4       0x39 ..\obj\sysctl.o
 .ARM.attributes
                0x0000011d       0x39 ..\obj\gpio.o
 .ARM.attributes
                0x00000156       0x39 ..\obj\interrupt.o
 .ARM.attributes
                0x0000018f       0x39 ..\obj\ssi.o
 .ARM.attributes
                0x000001c8       0x39 ..\obj\ff.o
 .ARM.attributes
                0x00000201       0x39 ..\obj\mmc-dk-tm4c123g.o
 .ARM.attributes
                0x0000023a       0x39 ..\obj\startup_Cortex_M4.o
 .ARM.attributes
                0x00000273       0x39 ..\obj\cpu.o
 .ARM.attributes
                0x000002ac       0x34 c:/program files (x86)/gnu tools arm embedded/4.9 2015q1/bin/../lib/gcc/arm-none-eabi/4.9.3/../../../../arm-none-eabi/lib/armv7e-m/fpu\libm.a(lib_a-wf_pow.o)
 .ARM.attributes
                0x000002e0       0x34 c:/program files (x86)/gnu tools arm embedded/4.9 2015q1/bin/../lib/gcc/arm-none-eabi/4.9.3/../../../../arm-none-eabi/lib/armv7e-m/fpu\libm.a(lib_a-ef_pow.o)
 .ARM.attributes
                0x00000314       0x34 c:/program files (x86)/gnu tools arm embedded/4.9 2015q1/bin/../lib/gcc/arm-none-eabi/4.9.3/../../../../arm-none-eabi/lib/armv7e-m/fpu\libm.a(lib_a-ef_sqrt.o)
 .ARM.attributes
                0x00000348       0x34 c:/program files (x86)/gnu tools arm embedded/4.9 2015q1/bin/../lib/gcc/arm-none-eabi/4.9.3/../../../../arm-none-eabi/lib/armv7e-m/fpu\libm.a(lib_a-s_lib_ver.o)
 .ARM.attributes
                0x0000037c       0x34 c:/program files (x86)/gnu tools arm embedded/4.9 2015q1/bin/../lib/gcc/arm-none-eabi/4.9.3/../../../../arm-none-eabi/lib/armv7e-m/fpu\libm.a(lib_a-s_matherr.o)
 .ARM.attributes
                0x000003b0       0x34 c:/program files (x86)/gnu tools arm embedded/4.9 2015q1/bin/../lib/gcc/arm-none-eabi/4.9.3/../../../../arm-none-eabi/lib/armv7e-m/fpu\libm.a(lib_a-s_rint.o)
 .ARM.attributes
                0x000003e4       0x34 c:/program files (x86)/gnu tools arm embedded/4.9 2015q1/bin/../lib/gcc/arm-none-eabi/4.9.3/../../../../arm-none-eabi/lib/armv7e-m/fpu\libm.a(lib_a-sf_fabs.o)
 .ARM.attributes
                0x00000418       0x34 c:/program files (x86)/gnu tools arm embedded/4.9 2015q1/bin/../lib/gcc/arm-none-eabi/4.9.3/../../../../arm-none-eabi/lib/armv7e-m/fpu\libm.a(lib_a-sf_finite.o)
 .ARM.attributes
                0x0000044c       0x34 c:/program files (x86)/gnu tools arm embedded/4.9 2015q1/bin/../lib/gcc/arm-none-eabi/4.9.3/../../../../arm-none-eabi/lib/armv7e-m/fpu\libm.a(lib_a-sf_fpclassify.o)
 .ARM.attributes
                0x00000480       0x34 c:/program files (x86)/gnu tools arm embedded/4.9 2015q1/bin/../lib/gcc/arm-none-eabi/4.9.3/../../../../arm-none-eabi/lib/armv7e-m/fpu\libm.a(lib_a-sf_nan.o)
 .ARM.attributes
                0x000004b4       0x34 c:/program files (x86)/gnu tools arm embedded/4.9 2015q1/bin/../lib/gcc/arm-none-eabi/4.9.3/../../../../arm-none-eabi/lib/armv7e-m/fpu\libm.a(lib_a-sf_scalbn.o)
 .ARM.attributes
                0x000004e8       0x34 c:/program files (x86)/gnu tools arm embedded/4.9 2015q1/bin/../lib/gcc/arm-none-eabi/4.9.3/../../../../arm-none-eabi/lib/armv7e-m/fpu\libm.a(lib_a-sf_copysign.o)
 .ARM.attributes
                0x0000051c       0x22 c:/program files (x86)/gnu tools arm embedded/4.9 2015q1/bin/../lib/gcc/arm-none-eabi/4.9.3/armv7e-m/fpu\libgcc.a(_arm_addsubdf3.o)
 .ARM.attributes
                0x0000053e       0x22 c:/program files (x86)/gnu tools arm embedded/4.9 2015q1/bin/../lib/gcc/arm-none-eabi/4.9.3/armv7e-m/fpu\libgcc.a(_arm_muldivdf3.o)
 .ARM.attributes
                0x00000560       0x22 c:/program files (x86)/gnu tools arm embedded/4.9 2015q1/bin/../lib/gcc/arm-none-eabi/4.9.3/armv7e-m/fpu\libgcc.a(_arm_cmpdf2.o)
 .ARM.attributes
                0x00000582       0x22 c:/program files (x86)/gnu tools arm embedded/4.9 2015q1/bin/../lib/gcc/arm-none-eabi/4.9.3/armv7e-m/fpu\libgcc.a(_arm_truncdfsf2.o)
 .ARM.attributes
                0x000005a4       0x34 c:/program files (x86)/gnu tools arm embedded/4.9 2015q1/bin/../lib/gcc/arm-none-eabi/4.9.3/../../../../arm-none-eabi/lib/armv7e-m/fpu\libg.a(lib_a-errno.o)
 .ARM.attributes
                0x000005d8       0x34 c:/program files (x86)/gnu tools arm embedded/4.9 2015q1/bin/../lib/gcc/arm-none-eabi/4.9.3/../../../../arm-none-eabi/lib/armv7e-m/fpu\libg.a(lib_a-impure.o)
 .ARM.attributes
                0x0000060c       0x34 c:/program files (x86)/gnu tools arm embedded/4.9 2015q1/bin/../lib/gcc/arm-none-eabi/4.9.3/../../../../arm-none-eabi/lib/armv7e-m/fpu\libg.a(lib_a-strlen.o)

.debug_frame    0x00000000     0x30b4
 .debug_frame   0x00000000       0x58 ..\obj\delay.o
 .debug_frame   0x00000058      0x218 ..\obj\datalogger.o
 .debug_frame   0x00000270      0x898 ..\obj\i2c.o
 .debug_frame   0x00000b08      0x2b8 ..\obj\main.o
 .debug_frame   0x00000dc0      0x844 ..\obj\sysctl.o
 .debug_frame   0x00001604      0x6f8 ..\obj\gpio.o
 .debug_frame   0x00001cfc      0x280 ..\obj\interrupt.o
 .debug_frame   0x00001f7c      0x3c8 ..\obj\ssi.o
 .debug_frame   0x00002344      0x6fc ..\obj\ff.o
 .debug_frame   0x00002a40      0x31c ..\obj\mmc-dk-tm4c123g.o
 .debug_frame   0x00002d5c       0x4c ..\obj\startup_Cortex_M4.o
 .debug_frame   0x00002da8       0x70 ..\obj\cpu.o
 .debug_frame   0x00002e18       0x64 c:/program files (x86)/gnu tools arm embedded/4.9 2015q1/bin/../lib/gcc/arm-none-eabi/4.9.3/../../../../arm-none-eabi/lib/armv7e-m/fpu\libm.a(lib_a-wf_pow.o)
 .debug_frame   0x00002e7c       0x7c c:/program files (x86)/gnu tools arm embedded/4.9 2015q1/bin/../lib/gcc/arm-none-eabi/4.9.3/../../../../arm-none-eabi/lib/armv7e-m/fpu\libm.a(lib_a-ef_pow.o)
 .debug_frame   0x00002ef8       0x3c c:/program files (x86)/gnu tools arm embedded/4.9 2015q1/bin/../lib/gcc/arm-none-eabi/4.9.3/../../../../arm-none-eabi/lib/armv7e-m/fpu\libm.a(lib_a-ef_sqrt.o)
 .debug_frame   0x00002f34       0x20 c:/program files (x86)/gnu tools arm embedded/4.9 2015q1/bin/../lib/gcc/arm-none-eabi/4.9.3/../../../../arm-none-eabi/lib/armv7e-m/fpu\libm.a(lib_a-s_matherr.o)
 .debug_frame   0x00002f54       0x3c c:/program files (x86)/gnu tools arm embedded/4.9 2015q1/bin/../lib/gcc/arm-none-eabi/4.9.3/../../../../arm-none-eabi/lib/armv7e-m/fpu\libm.a(lib_a-s_rint.o)
 .debug_frame   0x00002f90       0x20 c:/program files (x86)/gnu tools arm embedded/4.9 2015q1/bin/../lib/gcc/arm-none-eabi/4.9.3/../../../../arm-none-eabi/lib/armv7e-m/fpu\libm.a(lib_a-sf_fabs.o)
 .debug_frame   0x00002fb0       0x20 c:/program files (x86)/gnu tools arm embedded/4.9 2015q1/bin/../lib/gcc/arm-none-eabi/4.9.3/../../../../arm-none-eabi/lib/armv7e-m/fpu\libm.a(lib_a-sf_finite.o)
 .debug_frame   0x00002fd0       0x20 c:/program files (x86)/gnu tools arm embedded/4.9 2015q1/bin/../lib/gcc/arm-none-eabi/4.9.3/../../../../arm-none-eabi/lib/armv7e-m/fpu\libm.a(lib_a-sf_fpclassify.o)
 .debug_frame   0x00002ff0       0x20 c:/program files (x86)/gnu tools arm embedded/4.9 2015q1/bin/../lib/gcc/arm-none-eabi/4.9.3/../../../../arm-none-eabi/lib/armv7e-m/fpu\libm.a(lib_a-sf_nan.o)
 .debug_frame   0x00003010       0x44 c:/program files (x86)/gnu tools arm embedded/4.9 2015q1/bin/../lib/gcc/arm-none-eabi/4.9.3/../../../../arm-none-eabi/lib/armv7e-m/fpu\libm.a(lib_a-sf_scalbn.o)
 .debug_frame   0x00003054       0x20 c:/program files (x86)/gnu tools arm embedded/4.9 2015q1/bin/../lib/gcc/arm-none-eabi/4.9.3/../../../../arm-none-eabi/lib/armv7e-m/fpu\libm.a(lib_a-sf_copysign.o)
 .debug_frame   0x00003074       0x20 c:/program files (x86)/gnu tools arm embedded/4.9 2015q1/bin/../lib/gcc/arm-none-eabi/4.9.3/../../../../arm-none-eabi/lib/armv7e-m/fpu\libg.a(lib_a-errno.o)
 .debug_frame   0x00003094       0x20 c:/program files (x86)/gnu tools arm embedded/4.9 2015q1/bin/../lib/gcc/arm-none-eabi/4.9.3/../../../../arm-none-eabi/lib/armv7e-m/fpu\libg.a(lib_a-strlen.o)
